create extension diskquota;
select pg_sleep(1);
 pg_sleep 
----------
 
(1 row)

\! pg_ctl -D /tmp/pg_diskquota_test/data reload
server signaled
\! cp data/csmall.txt /tmp/csmall.txt
select pg_sleep(5);
 pg_sleep 
----------
 
(1 row)

-- prepare a schema that has reached quota limit
create schema badquota;
select diskquota.set_schema_quota('badquota', '1 MB');
 set_schema_quota 
------------------
 
(1 row)

create role testbody;
create table badquota.t1(i int);
alter table badquota.t1 owner to testbody;
insert into badquota.t1 select generate_series(0, 50000);
select pg_sleep(5);
 pg_sleep 
----------
 
(1 row)

insert into badquota.t1 select generate_series(0, 10);
ERROR:  schema's disk space quota exceeded with name:badquota
