-- Test copy
create schema s3;
select diskquota.set_schema_quota('s3', '1 MB');
 set_schema_quota 
------------------
 
(1 row)

set search_path to s3;
create table c (i int);
copy c from '/tmp/csmall.txt';
-- expect failed 
insert into c select generate_series(1,100000000);
ERROR:  schema's disk space quota exceeded with name:s3
select pg_sleep(5);
 pg_sleep 
----------
 
(1 row)

-- select pg_total_table_size('c');
-- expect copy fail
copy c from '/tmp/csmall.txt';
ERROR:  schema's disk space quota exceeded with name:s3
drop table c;
reset search_path;
drop schema s3;
