-- Test role quota
CREATE SCHEMA srole;
SET search_path TO srole;
CREATE ROLE u1 NOLOGIN;
NOTICE:  resource queue required -- using default resource queue "pg_default"
CREATE ROLE u2 NOLOGIN;
NOTICE:  resource queue required -- using default resource queue "pg_default"
CREATE TABLE b (t TEXT);
NOTICE:  Table doesn't have 'DISTRIBUTED BY' clause -- Using column named 't' as the Greenplum Database data distribution key for this table.
HINT:  The 'DISTRIBUTED BY' clause determines the distribution of data. Make sure column(s) chosen are the optimal data distribution key to minimize skew.
ALTER TABLE b OWNER TO u1;
CREATE TABLE b2 (t TEXT);
NOTICE:  Table doesn't have 'DISTRIBUTED BY' clause -- Using column named 't' as the Greenplum Database data distribution key for this table.
HINT:  The 'DISTRIBUTED BY' clause determines the distribution of data. Make sure column(s) chosen are the optimal data distribution key to minimize skew.
ALTER TABLE b2 OWNER TO u1;
SELECT diskquota.set_role_quota('u1', '1 MB');
 set_role_quota 
----------------
 
(1 row)

INSERT INTO b SELECT generate_series(1,100);
-- expect insert fail
INSERT INTO b SELECT generate_series(1,100000000);
ERROR:  role's disk space quota exceeded with name:u1
-- expect insert fail
INSERT INTO b SELECT generate_series(1,100);
ERROR:  role's disk space quota exceeded with name:u1
-- expect insert fail
INSERT INTO b2 SELECT generate_series(1,100);
ERROR:  role's disk space quota exceeded with name:u1
ALTER TABLE b OWNER TO u2;
SELECT pg_sleep(5);
 pg_sleep 
----------
 
(1 row)

-- expect insert succeed
INSERT INTO b SELECT generate_series(1,100);
-- expect insert succeed
INSERT INTO b2 SELECT generate_series(1,100);
DROP TABLE b, b2;
DROP ROLE u1, u2;
RESET search_path;
DROP SCHEMA srole;
