-- Test delete disk quota
CREATE SCHEMA deleteschema;
SELECT diskquota.set_schema_quota('deleteschema', '1 MB');
 set_schema_quota 
------------------
 
(1 row)

SET search_path TO deleteschema;
CREATE TABLE c (i INT);
NOTICE:  Table doesn't have 'DISTRIBUTED BY' clause -- Using column named 'i' as the Greenplum Database data distribution key for this table.
HINT:  The 'DISTRIBUTED BY' clause determines the distribution of data. Make sure column(s) chosen are the optimal data distribution key to minimize skew.
-- expect failed 
INSERT INTO c SELECT generate_series(1,100000000);
ERROR:  schema's disk space quota exceeded with name:deleteschema
SELECT pg_sleep(5);
 pg_sleep 
----------
 
(1 row)

-- expect fail
INSERT INTO c SELECT generate_series(1,100);
ERROR:  schema's disk space quota exceeded with name:deleteschema
SELECT diskquota.set_schema_quota('deleteschema', '-1 MB');
 set_schema_quota 
------------------
 
(1 row)

SELECT pg_sleep(5);
 pg_sleep 
----------
 
(1 row)

INSERT INTO c SELECT generate_series(1,100);
DROP TABLE c;
RESET search_path;
DROP SCHEMA deleteschema;
